Microchip MPLAB XC8 Compiler V2.36

Linker command line:

-W-3 --edf=/opt/microchip/xc8/v2.36/pic/dat/en_msgs.txt -cn \
  -h+dist/default/production/controller.X.production.sym \
  --cmf=dist/default/production/controller.X.production.cmf -z -Q12F675 \
  -o/tmp/xcXallLdH --defsym=__MPLAB_BUILD=1 \
  -Mdist/default/production/controller.X.production.map \
  --md=/tmp/xcXCMjfjb.dat -E1 -ver=XC8 Compiler --acfsm=1493 \
  -ACODE=00h-03FEh -ASTRCODE=00h-03FEh -ASTRING=00h-0FFhx3,0300h-03FEh \
  -ACONST=00h-0FFhx3,0300h-03FEh -AENTRY=00h-0FFhx3,0300h-03FEh \
  -ABANK0=020h-05Dh -ARAM=020h-05Dh -AABS1=020h-05Fh -ACOMMON=05Eh-05Fh \
  -ASFR0=00h-01Fh -ASFR1=080h-0DDh -ACONFIG=02007h-02007h -DCONFIG=2 \
  -AIDLOC=02000h-02003h -DIDLOC=2 -AEEDATA=00h-07Fh/02100h \
  -peeprom_data=EEDATA -DEEDATA=2 -DCODE=2 -DSTRCODE=2 -DSTRING=2 -DCONST=2 \
  -DENTRY=2 -preset_vec=00h,intentry=04h,init,end_init -ppowerup=CODE \
  -pcinit=CODE -pfunctab=ENTRY -posccal=03FFh -k /tmp/xcXJdIgKA.o \
  dist/default/production/controller.X.production.o 

Object code version is 3.11

Machine type is 12F675



                Name                               Link     Load   Length Selector   Space Scale
/tmp/xcXJdIgKA.o
                end_init                              F        F        1        8       0
                reset_vec                             0        0        1        0       0
                config                             2007     2007        1        0       4
                idloc                              2000     2000        4        0       5
dist/default/production/controller.X.production.o
                cinit                                10       10       23        8       0
                functab                              33       33        B       66       0
                intentry                              4        4        B        8       0
                config                             2007     2007        1        0       4
                idloc                              2000     2000        4        0       5
                text20                              1FA      1FA        4      312       0
                text19                              1F6      1F6        4      312       0
                text18                              1F2      1F2        4      312       0
                text17                              1EE      1EE        4      312       0
                text16                              1DB      1DB        6      312       0
                text15                               3E       3E       49       7C       0
                text14                              189      189       11      312       0
                text13                              1A8      1A8        C      312       0
                text12                              1D5      1D5        6      312       0
                text11                              1BC      1BC        7      312       0
                text10                              1EA      1EA        4      312       0
                text9                               1CF      1CF        6      312       0
                text8                               1C9      1C9        6      312       0
                text7                               1E6      1E6        4      312       0
                text6                               1E1      1E1        5      312       0
                text5                                C7       C7       40       7C       0
                text4                               140      140       1A       7C       0
                text3                               15A      15A       18       7C       0
                text2                               1C3      1C3        6      312       0
                text1                                87       87       40       7C       0
                maintext                            107      107       39       7C       0
                cstackBANK0                          20       20       16       20       1
                clrtext                             1B4      1B4        8      312       0
                dataBANK0                            36       36        E       20       1
                bssBANK0                             44       44        D       20       1
                strings                             172      172       17      2E4       0
                idataBANK0                          19A      19A        E      312       0

TOTAL           Name                               Link     Load   Length     Space
        CLASS   CODE           
                end_init                              F        F        1         0
                cinit                                10       10       23         0
                intentry                              4        4        B         0
                reset_vec                             0        0        1         0
                text20                              1FA      1FA        4         0
                text19                              1F6      1F6        4         0
                text18                              1F2      1F2        4         0
                text17                              1EE      1EE        4         0
                text16                              1DB      1DB        6         0
                text15                               3E       3E       49         0
                text14                              189      189       11         0
                text13                              1A8      1A8        C         0
                text12                              1D5      1D5        6         0
                text11                              1BC      1BC        7         0
                text10                              1EA      1EA        4         0
                text9                               1CF      1CF        6         0
                text8                               1C9      1C9        6         0
                text7                               1E6      1E6        4         0
                text6                               1E1      1E1        5         0
                text5                                C7       C7       40         0
                text4                               140      140       1A         0
                text3                               15A      15A       18         0
                text2                               1C3      1C3        6         0
                text1                                87       87       40         0
                maintext                            107      107       39         0
                clrtext                             1B4      1B4        8         0
                idataBANK0                          19A      19A        E         0

        CLASS   STRCODE        

        CLASS   STRING         
                strings                             172      172       17         0

        CLASS   CONST          

        CLASS   ENTRY          
                functab                              33       33        B         0

        CLASS   BANK0          
                cstackBANK0                          20       20       16         1
                dataBANK0                            36       36        E         1
                bssBANK0                             44       44        D         1

        CLASS   RAM            

        CLASS   ABS1           
                abs_s1                               5E       5E        2         1

        CLASS   COMMON         

        CLASS   SFR0           

        CLASS   SFR1           

        CLASS   CONFIG         
                config                             2007     2007        1         4

        CLASS   IDLOC          
                idloc                              2000     2000        4         5

        CLASS   EEDATA         

        CLASS   BANK1          

        CLASS   STACK          



SEGMENTS        Name                           Load    Length   Top    Selector   Space  Class     Delta

                text15                         00003E  000134  000172        7C       0  CODE        2
                cstackBANK0                    000020  000031  000051        20       1  BANK0       1
                reset_vec                      000000  000001  000001         0       0  CODE        2
                strings                        000172  000017  000189       2E4       0  STRING      2
                text14                         000189  000075  0001FE       312       0  CODE        2
                functab                        000033  00000B  00003E        66       0  ENTRY       2
                intentry                       000004  00002F  000033         8       0  CODE        2


UNUSED ADDRESS RANGES

        Name                Unused          Largest block    Delta
        BANK0            0051-005D              D           1
        CODE             0001-0003              3           2
                         01FE-03FE            201
        CONST            0001-0003              3           2
                         01FE-03FE            100
        EEDATA           2100-217F             80           2
        ENTRY            0001-0003              3           2
                         01FE-03FE            100
        RAM              0051-005D              D           1
        SFR0             0000-001F             20           1
        SFR1             0080-00DD             5E           1
        STRCODE          0001-0003              3           2
                         01FE-03FE            201
        STRING           0001-0003              3           2
                         01FE-03FE            100

                                  Symbol Table

_ADON                              (abs)        00F8
_ANSELbits                         (abs)        009F
_CMCONbits                         (abs)        0019
_CW_CCW_select                     bssBANK0     0050
_GIE                               (abs)        005F
_GPIO0                             (abs)        0028
_GPIO1                             (abs)        0029
_GPIO2                             (abs)        002A
_GPIO3                             (abs)        002B
_GPIO4                             (abs)        002C
_GPIO5                             (abs)        002D
_ISR                               text14       0189
_OF_num_TMR1                       bssBANK0     004B
_PEIE                              (abs)        005E
_T1CONbits                         (abs)        0010
_T1OSCEN                           (abs)        0083
_TMR0IE                            (abs)        005D
_TMR1                              (abs)        000E
_TMR1CS                            (abs)        0081
_TMR1GE                            (abs)        0086
_TMR1IE                            (abs)        0460
_TMR1IF                            (abs)        0060
_TMR1ON                            (abs)        0080
_TMR1_ISR                          text15       003E
_TMR1_init                         text13       01A8
_TRISIO0                           (abs)        0428
_TRISIO1                           (abs)        0429
_TRISIO2                           (abs)        042A
_TRISIO3                           (abs)        042B
_TRISIO4                           (abs)        042C
_TRISIO5                           (abs)        042D
__Habs1                            abs1         07FE
__Hbank0                           bank0        07FE
__Hbank1                           bank1        07FE
__HbssBANK0                        bssBANK0     07FE
__Hcinit                           cinit        0033
__Hclrtext                         clrtext      07FE
__Hcode                            code         07FE
__Hcommon                          common       07FE
__Hconfig                          config       2008
__HcstackBANK0                     cstackBANK0  07FE
__HcstackCOMMON                    cstackCOMMON 07FE
__HdataBANK0                       dataBANK0    07FE
__Heeprom_data                     eeprom_data  0000
__Hend_init                        end_init     0010
__Hfunctab                         functab      003E
__HidataBANK0                      idataBANK0   07FE
__Hidloc                           idloc        2004
__Hinit                            init         000F
__Hintentry                        intentry     000F
__Hmaintext                        maintext     07FE
__Hosccal                          osccal       03FF
__Hpowerup                         powerup      0000
__Hram                             ram          07FE
__Hreset_vec                       reset_vec    0001
__Hsfr0                            sfr0         07FE
__Hsfr1                            sfr1         07FE
__Hspace_0                         (abs)        07FE
__Hspace_1                         (abs)        07FE
__Hspace_2                         (abs)        07FE
__Hspace_3                         (abs)        0000
__Hspace_4                         (abs)        400F
__Hstack                           stack        07FE
__Hstrings                         strings      07FE
__Htext                            text         07FE
__Labs1                            abs1         07FE
__Lbank0                           bank0        07FE
__Lbank1                           bank1        07FE
__LbssBANK0                        bssBANK0     07FE
__Lcinit                           cinit        0010
__Lclrtext                         clrtext      07FE
__Lcode                            code         07FE
__Lcommon                          common       07FE
__Lconfig                          config       0000
__LcstackBANK0                     cstackBANK0  07FE
__LcstackCOMMON                    cstackCOMMON 07FE
__LdataBANK0                       dataBANK0    07FE
__Leeprom_data                     eeprom_data  0000
__Lend_init                        end_init     000F
__Lfunctab                         functab      0033
__LidataBANK0                      idataBANK0   07FE
__Lidloc                           idloc        0000
__Linit                            init         000F
__Lintentry                        intentry     0004
__Lmaintext                        maintext     07FE
__Losccal                          osccal       03FF
__Lpowerup                         powerup      0000
__Lram                             ram          07FE
__Lreset_vec                       reset_vec    0000
__Lsfr0                            sfr0         07FE
__Lsfr1                            sfr1         07FE
__Lspace_0                         (abs)        0000
__Lspace_1                         (abs)        0000
__Lspace_2                         (abs)        0000
__Lspace_3                         (abs)        0000
__Lspace_4                         (abs)        0000
__Lstack                           stack        07FE
__Lstrings                         strings      07FE
__Ltext                            text         07FE
__S0                               (abs)        01FE
__S1                               (abs)        0051
__S3                               (abs)        0000
___int_sp                          stack        07FE
___latbits                         (abs)        0000
___osccal_val                      osccal       03FF
___sp                              stack        07FE
___stackhi                         (abs)        0000
___stacklo                         (abs)        0000
__end_of_ISR                       text14       019A
__end_of_TMR1_ISR                  text15       0087
__end_of_TMR1_init                 text13       01B4
__end_of__i1fptable                functab      003E
__end_of__initialization           cinit        0031
__end_of__stringtab                strings      0178
__end_of_adc_deinit                text12       01DB
__end_of_coil_init                 text11       01C3
__end_of_comparator_deinit         text10       01EE
__end_of_even_pins_clear_set       text18       01F6
__end_of_even_pins_set_clear       text19       01FA
__end_of_interrupt_init            text9        01D5
__end_of_main                      maintext     0140
__end_of_odd_pins_clear_set        text17       01F2
__end_of_odd_pins_set_clear        text20       01FE
__end_of_reset_all_pins            text8        01CF
__end_of_retrieve_current_position text7        01EA
__end_of_soft_uart_init            text6        01E6
__end_of_soft_uart_send_int        text4        015A
__end_of_soft_uart_send_string     text3        0172
__end_of_soft_uart_send_uint8_t    text5        0107
__end_of_start_timer               text1        00C7
__end_of_update_current_position   text2        01C9
__end_ofi1_reset_all_pins          text16       01E1
__i1fptable                        functab      0034
__initialization                   cinit        0010
__pbssBANK0                        bssBANK0     0044
__pcstackBANK0                     cstackBANK0  0020
__pcstackCOMMON                    cstackCOMMON 0000
__pdataBANK0                       dataBANK0    0036
__pfunctab                         functab      0033
__pidataBANK0                      idataBANK0   019A
__pintentry                        intentry     0004
__pmaintext                        maintext     0107
__pstrings                         strings      0172
__ptext1                           text1        0087
__ptext10                          text10       01EA
__ptext11                          text11       01BC
__ptext12                          text12       01D5
__ptext13                          text13       01A8
__ptext14                          text14       0189
__ptext15                          text15       003E
__ptext16                          text16       01DB
__ptext17                          text17       01EE
__ptext18                          text18       01F2
__ptext19                          text19       01F6
__ptext2                           text2        01C3
__ptext20                          text20       01FA
__ptext3                           text3        015A
__ptext4                           text4        0140
__ptext5                           text5        00C7
__ptext6                           text6        01E1
__ptext7                           text7        01E6
__ptext8                           text8        01C9
__ptext9                           text9        01CF
__size_of__i1fptable               (abs)        0000
__stringbase                       strings      0177
__stringtab                        strings      0172
_adc_deinit                        text12       01D5
_coil_init                         text11       01BC
_comparator_deinit                 text10       01EA
_current_position                  bssBANK0     0049
_even_pins_clear_set               text18       01F2
_even_pins_set_clear               text19       01F6
_func_ptr                          dataBANK0    0036
_interrupt_init                    text9        01CF
_main                              maintext     0107
_num_steps                         dataBANK0    003E
_odd_pins_clear_set                text17       01EE
_odd_pins_set_clear                text20       01FA
_pair_select                       bssBANK0     004F
_reset_all_pins                    text8        01C9
_retrieve_current_position         text7        01E6
_set_clear_sequence                bssBANK0     004E
_soft_uart_init                    text6        01E1
_soft_uart_send_int                text4        0140
_soft_uart_send_string             text3        015A
_soft_uart_send_uint8_t            text5        00C7
_start_timer                       text1        0087
_target_OF_num                     dataBANK0    0042
_tmp_set_clear_sequence            bssBANK0     004D
_update_current_position           text2        01C3
btemp                              (abs)        005E
clear_ram0                         clrtext      01B4
end_of_initialization              cinit        0031
fpbase                             (abs)        0000
fptable                            functab      0033
fptotal                            (abs)        0000
i1_reset_all_pins                  text16       01DB
i1fpbase                           functab      0039
i1fptable                          functab      0034
i1fptotal                          (abs)        000C
interrupt_function                 intentry     0004
intlevel0                          functab      0033
intlevel1                          functab      0033
intlevel2                          functab      0033
intlevel3                          functab      0033
intlevel4                          functab      0033
intlevel5                          functab      0033
reset_vec                          reset_vec    0000
saved_w                            (abs)        005E
soft_uart_send_int@index           cstackBANK0  0032
soft_uart_send_int@nums            cstackBANK0  002F
soft_uart_send_int@value           cstackBANK0  002C
soft_uart_send_string@i            cstackBANK0  002D
soft_uart_send_string@string       cstackBANK0  002E
soft_uart_send_uint8_t@bit_counter cstackBANK0  002B
soft_uart_send_uint8_t@value       cstackBANK0  002A
start                              init         000F
start_initialization               cinit        0010
update_current_position@value      cstackBANK0  0029
wtemp0                             (abs)        005E


MODULE INFORMATION

Module		Function		Class		Link	Load	Size
coil_control.c
		_even_pins_clear_set		CODE           	01F2	0000	4
		_coil_init     		CODE           	01BC	0000	7
		_odd_pins_set_clear		CODE           	01FA	0000	4
		_odd_pins_clear_set		CODE           	01EE	0000	4
		_reset_all_pins		CODE           	01C9	0000	6
		_even_pins_set_clear		CODE           	01F6	0000	4

coil_control.c estimated size: 29

comparator_module.c
		_comparator_deinit		CODE           	01EA	0000	4

comparator_module.c estimated size: 4

interrupts.c
		_interrupt_init		CODE           	01CF	0000	6

interrupts.c estimated size: 6

tmr1_module.c
		_start_timer   		CODE           	0087	0000	64
		_TMR1_init     		CODE           	01A8	0000	12
		_update_current_position		CODE           	01C3	0000	6
		_retrieve_current_position		CODE           	01E6	0000	4
		_TMR1_ISR      		CODE           	003E	0000	73

tmr1_module.c estimated size: 159

software_uart.c
		_soft_uart_send_uint8_t		CODE           	00C7	0000	64
		_soft_uart_send_int		CODE           	0140	0000	26
		_soft_uart_init		CODE           	01E1	0000	5
		_soft_uart_send_string		CODE           	015A	0000	24

software_uart.c estimated size: 119

adc_module.c
		_adc_deinit    		CODE           	01D5	0000	6

adc_module.c estimated size: 6

shared
		__stringtab    		STRING         	0172	0000	6
		__i1fptable    		ENTRY          	0034	0000	10
		__initialization		CODE           	0010	0000	33
		i1_reset_all_pins		CODE           	01DB	0000	6

shared estimated size: 55

main.c
		_ISR           		CODE           	0189	0000	17
		_main          		CODE           	0107	0000	57

main.c estimated size: 74

