Microchip MPLAB XC8 Compiler V2.41

Linker command line:

-W-3 --edf=/opt/microchip/xc8/v2.41/pic/dat/20230208172133_en.msgs -cn \
  -h+dist/default/production/controller_mac.X.production.sym \
  --cmf=dist/default/production/controller_mac.X.production.cmf -z -Q12F675 \
  -o/tmp/xcXAINkHd/driver_tmp_3.o --defsym=__MPLAB_BUILD=1 \
  --fixupoverflow=error \
  -Mdist/default/production/controller_mac.X.production.map \
  --md=/tmp/xcXAINkHd/driver_tmp_0.dat -E1 -ver=XC8 Compiler --acfsm=1493 \
  -ACODE=00h-03FEh -ASTRCODE=00h-03FEh -ASTRING=00h-0FFhx3,0300h-03FEh \
  -ACONST=00h-0FFhx3,0300h-03FEh -AENTRY=00h-0FFhx3,0300h-03FEh \
  -ABANK0=020h-05Dh -ARAM=020h-05Dh -AABS1=020h-05Fh -ACOMMON=05Eh-05Fh \
  -ASFR0=00h-01Fh -ASFR1=080h-0DDh -ACONFIG=02007h-02007h -DCONFIG=2 \
  -AIDLOC=02000h-02003h -DIDLOC=2 -AEEDATA=00h-07Fh/02100h \
  -peeprom_data=EEDATA -DEEDATA=2 -DCODE=2 -DSTRCODE=2 -DSTRING=2 -DCONST=2 \
  -DENTRY=2 -preset_vec=00h,intentry=04h,init,end_init -ppowerup=CODE \
  -pcinit=CODE -pfunctab=ENTRY -posccal=03FFh -k \
  /tmp/xcXAINkHd/driver_tmp_12.o \
  dist/default/production/controller_mac.X.production.o 

Object code version is 3.11

Machine type is 12F675



                Name                               Link     Load   Length Selector   Space Scale
/tmp/xcXAINkHd/driver_tmp_12.o
                end_init                              F        F        1        8       0
                reset_vec                             0        0        1        0       0
                config                             2007     2007        1        0       4
                idloc                              2000     2000        4        0       5
dist/default/production/controller_mac.X.production.o
                cinit                                10       10       26        8       0
                functab                              36       36        B       6C       0
                intentry                              4        4        B        8       0
                config                             2007     2007        1        0       4
                idloc                              2000     2000        4        0       5
                text18                              223      223        4      2B2       0
                text17                              21F      21F        4      2B2       0
                text16                              21B      21B        4      2B2       0
                text15                              217      217        4      2B2       0
                text14                              204      204        6      2B2       0
                text13                              1FE      1FE        6      2B2       0
                text12                               C7       C7       59       82       0
                text11                              1BA      1BA       11      2B2       0
                text10                              1D9      1D9        C      2B2       0
                text9                               1F8      1F8        6      2B2       0
                text8                               1E5      1E5        7      2B2       0
                text7                               213      213        4      2B2       0
                text6                               1F2      1F2        6      2B2       0
                text5                               1EC      1EC        6      2B2       0
                text4                               20F      20F        4      2B2       0
                text3                               20A      20A        5      2B2       0
                text2                                41       41       86       82       0
                text1                               18E      18E       2C      2B2       0
                maintext                            159      159       35      2B2       0
                cstackBANK0                          20       20       14       20       1
                dataBANK0                            34       34        E       20       1
                bssBANK0                             42       42        8       20       1
                strings                             120      120       39      240       0
                idataBANK0                          1CB      1CB        E      2B2       0

TOTAL           Name                               Link     Load   Length     Space
        CLASS   CODE           
                end_init                              F        F        1         0
                cinit                                10       10       26         0
                intentry                              4        4        B         0
                reset_vec                             0        0        1         0
                text18                              223      223        4         0
                text17                              21F      21F        4         0
                text16                              21B      21B        4         0
                text15                              217      217        4         0
                text14                              204      204        6         0
                text13                              1FE      1FE        6         0
                text12                               C7       C7       59         0
                text11                              1BA      1BA       11         0
                text10                              1D9      1D9        C         0
                text9                               1F8      1F8        6         0
                text8                               1E5      1E5        7         0
                text7                               213      213        4         0
                text6                               1F2      1F2        6         0
                text5                               1EC      1EC        6         0
                text4                               20F      20F        4         0
                text3                               20A      20A        5         0
                text2                                41       41       86         0
                text1                               18E      18E       2C         0
                maintext                            159      159       35         0
                idataBANK0                          1CB      1CB        E         0

        CLASS   STRCODE        

        CLASS   STRING         
                strings                             120      120       39         0

        CLASS   CONST          

        CLASS   ENTRY          
                functab                              36       36        B         0

        CLASS   BANK0          
                cstackBANK0                          20       20       14         1
                dataBANK0                            34       34        E         1
                bssBANK0                             42       42        8         1

        CLASS   RAM            

        CLASS   ABS1           
                abs_s1                               5E       5E        2         1

        CLASS   COMMON         

        CLASS   SFR0           

        CLASS   SFR1           

        CLASS   CONFIG         
                config                             2007     2007        1         4

        CLASS   IDLOC          
                idloc                              2000     2000        4         5

        CLASS   EEDATA         

        CLASS   BANK1          

        CLASS   STACK          



SEGMENTS        Name                           Load    Length   Top    Selector   Space  Class     Delta

                text2                          000041  0000DF  000120        82       0  CODE        2
                cstackBANK0                    000020  00002A  00004A        20       1  BANK0       1
                reset_vec                      000000  000001  000001         0       0  CODE        2
                strings                        000120  000039  000159       240       0  STRING      2
                maintext                       000159  0000CE  000227       2B2       0  CODE        2
                functab                        000036  00000B  000041        6C       0  ENTRY       2
                intentry                       000004  000032  000036         8       0  CODE        2


UNUSED ADDRESS RANGES

        Name                Unused          Largest block    Delta
        BANK0            004A-005D             14           1
        CODE             0001-0003              3           2
                         0227-03FE            1D8
        CONST            0001-0003              3           2
                         0227-03FE             D9
        EEDATA           2100-217F             80           2
        ENTRY            0001-0003              3           2
                         0227-03FE             D9
        RAM              004A-005D             14           1
        SFR0             0000-001F             20           1
        SFR1             0080-00DD             5E           1
        STRCODE          0001-0003              3           2
                         0227-03FE            1D8
        STRING           0001-0003              3           2
                         0227-03FE             D9

                                  Symbol Table

_ADON                              (abs)        00F8
_ANSELbits                         (abs)        009F
_CMCONbits                         (abs)        0019
_CW_CCW_select                     bssBANK0     0049
_GIE                               (abs)        005F
_GPIO0                             (abs)        0028
_GPIO1                             (abs)        0029
_GPIO2                             (abs)        002A
_GPIO3                             (abs)        002B
_GPIO4                             (abs)        002C
_GPIO5                             (abs)        002D
_ISR                               text11       01BA
_OF_num_TMR1                       bssBANK0     0044
_PEIE                              (abs)        005E
_PSA                               (abs)        040B
_T0CS                              (abs)        040D
_T1CONbits                         (abs)        0010
_T1OSCEN                           (abs)        0083
_TMR0IE                            (abs)        005D
_TMR1                              (abs)        000E
_TMR1CS                            (abs)        0081
_TMR1GE                            (abs)        0086
_TMR1IE                            (abs)        0460
_TMR1IF                            (abs)        0060
_TMR1ON                            (abs)        0080
_TMR1_ISR                          text12       00C7
_TMR1_init                         text10       01D9
_TRISIO0                           (abs)        0428
_TRISIO1                           (abs)        0429
_TRISIO2                           (abs)        042A
_TRISIO3                           (abs)        042B
_TRISIO4                           (abs)        042C
_TRISIO5                           (abs)        042D
__H__absolute__                    __absolute__ 0000
__Habs1                            abs1         07FE
__Hbank0                           bank0        07FE
__Hbank1                           bank1        07FE
__HbssBANK0                        bssBANK0     07FE
__Hcinit                           cinit        0036
__Hclrtext                         clrtext      07FE
__Hcode                            code         07FE
__Hcommon                          common       07FE
__Hconfig                          config       2008
__HcstackBANK0                     cstackBANK0  07FE
__HcstackCOMMON                    cstackCOMMON 07FE
__HdataBANK0                       dataBANK0    07FE
__Heeprom_data                     eeprom_data  0000
__Hend_init                        end_init     0010
__Hfunctab                         functab      0041
__HidataBANK0                      idataBANK0   07FE
__Hidloc                           idloc        2004
__Hinit                            init         000F
__Hintentry                        intentry     000F
__Hmaintext                        maintext     07FE
__Hosccal                          osccal       03FF
__Hpowerup                         powerup      0000
__Hram                             ram          07FE
__Hreset_vec                       reset_vec    0001
__Hsfr0                            sfr0         07FE
__Hsfr1                            sfr1         07FE
__Hspace_0                         (abs)        07FE
__Hspace_1                         (abs)        07FE
__Hspace_2                         (abs)        07FE
__Hspace_3                         (abs)        0000
__Hspace_4                         (abs)        400F
__Hstack                           stack        07FE
__Hstrings                         strings      07FE
__Htext                            text         07FE
__L__absolute__                    __absolute__ 0000
__Labs1                            abs1         07FE
__Lbank0                           bank0        07FE
__Lbank1                           bank1        07FE
__LbssBANK0                        bssBANK0     07FE
__Lcinit                           cinit        0010
__Lclrtext                         clrtext      07FE
__Lcode                            code         07FE
__Lcommon                          common       07FE
__Lconfig                          config       0000
__LcstackBANK0                     cstackBANK0  07FE
__LcstackCOMMON                    cstackCOMMON 07FE
__LdataBANK0                       dataBANK0    07FE
__Leeprom_data                     eeprom_data  0000
__Lend_init                        end_init     000F
__Lfunctab                         functab      0036
__LidataBANK0                      idataBANK0   07FE
__Lidloc                           idloc        0000
__Linit                            init         000F
__Lintentry                        intentry     0004
__Lmaintext                        maintext     07FE
__Losccal                          osccal       03FF
__Lpowerup                         powerup      0000
__Lram                             ram          07FE
__Lreset_vec                       reset_vec    0000
__Lsfr0                            sfr0         07FE
__Lsfr1                            sfr1         07FE
__Lspace_0                         (abs)        0000
__Lspace_1                         (abs)        0000
__Lspace_2                         (abs)        0000
__Lspace_3                         (abs)        0000
__Lspace_4                         (abs)        0000
__Lstack                           stack        07FE
__Lstrings                         strings      07FE
__Ltext                            text         07FE
__S0                               (abs)        0227
__S1                               (abs)        004A
__S3                               (abs)        0000
___int_sp                          stack        07FE
___latbits                         (abs)        0000
___osccal_val                      osccal       03FF
___sp                              stack        07FE
___stackhi                         (abs)        0000
___stacklo                         (abs)        0000
__end_of_ISR                       text11       01CB
__end_of_TMR1_ISR                  text12       0120
__end_of_TMR1_init                 text10       01E5
__end_of__i1fptable                functab      0041
__end_of__initialization           cinit        0034
__end_of__stringtab                strings      0126
__end_of_adc_deinit                text9        01FE
__end_of_coil_init                 text8        01EC
__end_of_comparator_deinit         text7        0217
__end_of_even_pins_clear_set       text16       021F
__end_of_even_pins_set_clear       text17       0223
__end_of_interrupt_init            text6        01F8
__end_of_main                      maintext     018E
__end_of_odd_pins_clear_set        text15       021B
__end_of_odd_pins_set_clear        text18       0227
__end_of_reset_all_pins            text5        01F2
__end_of_retrieve_current_position text4        0213
__end_of_soft_uart_init            text3        020F
__end_of_soft_uart_send_int_AS_IS  text2        00C7
__end_of_start_timer               text1        01BA
__end_of_update_current_position   text14       020A
__end_ofi1_reset_all_pins          text13       0204
__i1fptable                        functab      0037
__initialization                   cinit        0010
__pbssBANK0                        bssBANK0     0042
__pcstackBANK0                     cstackBANK0  0020
__pcstackCOMMON                    cstackCOMMON 0000
__pdataBANK0                       dataBANK0    0034
__pfunctab                         functab      0036
__pidataBANK0                      idataBANK0   01CB
__pintentry                        intentry     0004
__pmaintext                        maintext     0159
__pstrings                         strings      0120
__ptext1                           text1        018E
__ptext10                          text10       01D9
__ptext11                          text11       01BA
__ptext12                          text12       00C7
__ptext13                          text13       01FE
__ptext14                          text14       0204
__ptext15                          text15       0217
__ptext16                          text16       021B
__ptext17                          text17       021F
__ptext18                          text18       0223
__ptext2                           text2        0041
__ptext3                           text3        020A
__ptext4                           text4        020F
__ptext5                           text5        01EC
__ptext6                           text6        01F2
__ptext7                           text7        0213
__ptext8                           text8        01E5
__ptext9                           text9        01F8
__size_of__i1fptable               (abs)        0000
__stringbase                       strings      0125
__stringtab                        strings      0120
_adc_deinit                        text9        01F8
_coil_init                         text8        01E5
_comparator_deinit                 text7        0213
_current_position                  bssBANK0     0042
_even_pins_clear_set               text16       021B
_even_pins_set_clear               text17       021F
_func_ptr                          dataBANK0    0034
_interrupt_init                    text6        01F2
_main                              maintext     0159
_num_steps                         dataBANK0    003C
_odd_pins_clear_set                text15       0217
_odd_pins_set_clear                text18       0223
_pair_select                       bssBANK0     0048
_reset_all_pins                    text5        01EC
_retrieve_current_position         text4        020F
_set_clear_sequence                bssBANK0     0047
_soft_uart_init                    text3        020A
_soft_uart_send_int_AS_IS          text2        0041
_start_timer                       text1        018E
_target_OF_num                     dataBANK0    0040
_tmp_set_clear_sequence            bssBANK0     0046
_update_current_position           text14       0204
btemp                              (abs)        005E
end_of_initialization              cinit        0034
fpbase                             (abs)        0000
fptable                            functab      0036
fptotal                            (abs)        0000
i1_reset_all_pins                  text13       01FE
i1fpbase                           functab      003C
i1fptable                          functab      0037
i1fptotal                          (abs)        000C
interrupt_function                 intentry     0004
intlevel0                          functab      0036
intlevel1                          functab      0036
intlevel2                          functab      0036
intlevel3                          functab      0036
intlevel4                          functab      0036
intlevel5                          functab      0036
reset_vec                          reset_vec    0000
saved_w                            (abs)        005E
soft_uart_send_int_AS_IS@i         cstackBANK0  0030
soft_uart_send_int_AS_IS@value     cstackBANK0  002B
start                              init         000F
start_initialization               cinit        0010
update_current_position@value      cstackBANK0  0020
wtemp0                             (abs)        005E


MODULE INFORMATION

Module		Function		Class		Link	Load	Size
coil_control.c
		_even_pins_clear_set		CODE           	021B	0000	4
		_coil_init     		CODE           	01E5	0000	7
		_odd_pins_set_clear		CODE           	0223	0000	4
		_odd_pins_clear_set		CODE           	0217	0000	4
		_reset_all_pins		CODE           	01EC	0000	6
		_even_pins_set_clear		CODE           	021F	0000	4

coil_control.c estimated size: 29

comparator_module.c
		_comparator_deinit		CODE           	0213	0000	4

comparator_module.c estimated size: 4

interrupts.c
		_interrupt_init		CODE           	01F2	0000	6

interrupts.c estimated size: 6

tmr1_module.c
		_start_timer   		CODE           	018E	0000	44
		_TMR1_init     		CODE           	01D9	0000	12
		_update_current_position		CODE           	0204	0000	6
		_retrieve_current_position		CODE           	020F	0000	4
		_TMR1_ISR      		CODE           	00C7	0000	89

tmr1_module.c estimated size: 155

software_uart.c
		_soft_uart_init		CODE           	020A	0000	5
		_soft_uart_send_int_AS_IS		CODE           	0041	0000	134

software_uart.c estimated size: 139

adc_module.c
		_adc_deinit    		CODE           	01F8	0000	6

adc_module.c estimated size: 6

shared
		__stringtab    		STRING         	0120	0000	6
		__i1fptable    		ENTRY          	0037	0000	10
		__initialization		CODE           	0010	0000	36
		i1_reset_all_pins		CODE           	01FE	0000	6

shared estimated size: 58

main.c
		_ISR           		CODE           	01BA	0000	17
		_main          		CODE           	0159	0000	53

main.c estimated size: 70

